******************************************************************************
              TMS320C55x Linker PC v4.3.6                      
******************************************************************************
>> Linked Fri Dec 06 20:48:03 2019

OUTPUT FILE NAME:   <aic3204.out>
ENTRY POINT SYMBOL: "_c_int00"  address: 00026e96


MEMORY CONFIGURATION

         name            origin    length      used     unused   attr    fill
                        (bytes)   (bytes)    (bytes)   (bytes)
----------------------  --------  ---------  --------  --------  ----  --------
PAGE 0:
  MMR                   00000000   000000c0  00000000  000000c0  RWIX
  DARAM0                000000c0   0000ff40  00005b16  0000a42a  RWIX
  SARAM0                00010000   00010000  00000000  00010000  RWIX
  SARAM1                00020000   00020000  00006fc6  0001903a  RWIX
  SARAM2                00040000   0000fe00  0000034e  0000fab2  RWIX
  VECS                  0004fe00   00000200  00000100  00000100  RWIX
  PDROM                 00ff8000   00008000  00000000  00008000  R IX

PAGE 2:
  IOPORT                00000000   00020000  00000000  00020000  RWI 


SECTION ALLOCATION MAP
(Addresses surrounded by []'s are displayed for convenience only!)

output                                                          attributes/
section   page  orgn(bytes) orgn(words) len(bytes) len(words)   input sections
--------  ----  ----------- ----------- ---------- ----------   --------------
.pinit       0   [ 00040000 ]  00020000          *   00000000   UNINITIALIZED

.stack       0   [ 000000c0 ]  00000060          *   00001000   UNINITIALIZED
                 [ 000000c0 ]  00000060          *   00001000   --HOLE--

.data        0   [ 000000c0 ]  00000060          *   00000000   UNINITIALIZED

.sysstack 
*            0   [ 000020c0 ]  00001060          *   00000800   UNINITIALIZED
                 [ 000020c0 ]  00001060          *   00000800   --HOLE--

.sysmem      0   [ 000030c0 ]  00001860          *   00001000   UNINITIALIZED
                 [ 000030c0 ]  00001860          *   00001000   --HOLE--

.const.1     0   [ 000050c0 ]  00002860          *   0000020d   
                 [ 000050c0 ]  00002860          *   0000010c   main.obj (.const:.string)
                 [ 000052d8 ]  0000296c          *   00000101   rts55x_eh.lib : ctype.obj (.const:__ctypes_)

.const.2     0   [ 000054dc ]  00002a6e          *   000000f5   
                 [ 000054dc ]  00002a6e          *   00000044   aic3204_tone_headphone.obj (.const:.string)
                 [ 00005564 ]  00002ab2          *   00000024   rts55x_eh.lib : _printfi.obj (.const:.string)
                 [ 000055ac ]  00002ad6          *   00000014                 : strtod.obj (.const:_digits)
                 [ 000055d4 ]  00002aea          *   00000014                 : strtold.obj (.const:_digits)
                 [ 000055fc ]  00002afe          *   00000014                 : sin.obj (.const)
                 [ 00005624 ]  00002b12          *   0000000c                 : strtod.obj (.const:_powerof10)
                 [ 0000563c ]  00002b1e          *   0000000c                 : strtold.obj (.const:_powerof10)
                 [ 00005654 ]  00002b2a          *   0000000c                 : _printfi.obj (.const)
                 [ 0000566c ]  00002b36          *   00000008                 : divd.obj (.const:_initial_approx$1)
                 [ 0000567c ]  00002b3e          *   00000008                 : round.obj (.const)
                 [ 0000568c ]  00002b46          *   00000008                 : strtod.obj (.const)
                 [ 0000569c ]  00002b4e          *   00000008                 : strtold.obj (.const)
                 [ 000056ac ]  00002b56          *   00000007                 : _scanfi.obj (.const:_flit$1)
                 [ 000056ba ]  00002b5d          *   00000006                 : _scanfi.obj (.const:_barr$2)

.const.3     0   [ 000056c8 ]  00002b64          *   00000016   
                 [ 000056c8 ]  00002b64          *   00000006   aic3204_tone_headphone.obj (.const)
                 [ 000056d4 ]  00002b6a          *   00000006   rts55x_eh.lib : modf.obj (.const)
                 [ 000056e0 ]  00002b70          *   00000004                 : trunc.obj (.const)
                 [ 000056e8 ]  00002b74          *   00000002                 : fputs.obj (.const:.string)
                 [ 000056ec ]  00002b76          *   00000002                 : divd.obj (.const)
                 [ 000056f0 ]  00002b78          *   00000002                 : fltlid.obj (.const)

.bss         0   [ 000056f4 ]  00002b7a          *   00000273   UNINITIALIZED
                 [ 000056f4 ]  00002b7a          *   00000119   rts55x_eh.lib : defs.obj (.bss)
                 [ 00005926 ]  00002c93          *   000000d0                 : trgdrv.obj (.bss)
                 [ 00005ac6 ]  00002d63          *   00000001                 : errno.obj (.bss)
                 [ 00005ac8 ]  00002d64          *   00000071                 : lowlev.obj (.bss)
                 [ 00005baa ]  00002dd5          *   00000001                 : fopen.obj (.bss)
                 [ 00005bac ]  00002dd6          *   00000008                 : sin.obj (.bss)
                 [ 00005bbc ]  00002dde          *   00000006                 : memory.obj (.bss)
                 [ 00005bc8 ]  00002de4          *   00000004                 : _lock.obj (.bss)
                 [ 00005bd0 ]  00002de8          *   00000004                 : exit.obj (.bss)
                 [ 00005bd8 ]  00002dec          *   00000001   usbstk5515bsl.lib : usbstk5515_i2c.obj (.bss)

.text        0     00020000  [ 00010000 ] 00006fc6          *   
                   00020000  [ 00010000 ] 00001598          *   rts55x_eh.lib : _printfi.obj (.text)
                   00021598  [ 00010acc ] 00000eb6          *                 : _scanfi.obj (.text)
                   0002244e  [ 00011227 ] 00000543          *                 : lowlev.obj (.text)
                   00022991  [ 000114c8+] 00000528          *                 : trgdrv.obj (.text)
                   00022eb9  [ 0001175c+] 000004b5          *                 : memory.obj (.text)
                   0002336e  [ 000119b7 ] 00000487          *   aic3204_tone_headphone.obj (.text)
                   000237f5  [ 00011bfa+] 0000036c          *   rts55x_eh.lib : divd.obj (.text)
                   00023b61  [ 00011db0+] 00000301          *                 : strtoll.obj (.text)
                   00023e62  [ 00011f31 ] 000002c8          *   aic3204_loop_stereo_in1.obj (.text)
                   0002412a  [ 00012095 ] 000002bd          *   rts55x_eh.lib : strtod.obj (.text)
                   000243e7  [ 000121f3+] 0000029f          *                 : strtold.obj (.text)
                   00024686  [ 00012343 ] 0000027f          *                 : fopen.obj (.text)
                   00024905  [ 00012482+] 0000025e          *                 : llmpy.obj (.text)
                   00024b63  [ 000125b1+] 00000259          *                 : addd.obj (.text)
                   00024dbc  [ 000126de ] 0000024b          *                 : strtoull.obj (.text)
                   00025007  [ 00012803+] 00000208          *                 : strtol.obj (.text)
                   0002520f  [ 00012907+] 000001f2          *                 : sin.obj (.text)
                   00025401  [ 00012a00+] 000001ea          *                 : cmpd.obj (.text)
                   000255eb  [ 00012af5+] 000001d1          *                 : strtoul.obj (.text)
                   000257bc  [ 00012bde ] 00000163          *                 : fputs.obj (.text)
                   0002591f  [ 00012c8f+] 00000161          *                 : fscanf.obj (.text)
                   00025a80  [ 00012d40 ] 00000156          *   usbstk5515bsl.lib : usbstk5515_gpio.obj (.text)
                   00025bd6  [ 00012deb ] 0000014c          *   rts55x_eh.lib : mpyd.obj (.text)
                   00025d22  [ 00012e91 ] 0000013e          *   usbstk5515bsl.lib : usbstk5515_i2c.obj (.text)
                   00025e60  [ 00012f30 ] 000000e6          *   rts55x_eh.lib : setvbuf.obj (.text)
                   00025f46  [ 00012fa3 ] 000000dd          *                 : _io_perm.obj (.text)
                   00026023  [ 00013011+] 000000c8          *                 : frcmpyd_div.obj (.text)
                   000260eb  [ 00013075+] 000000c2          *                 : fflush.obj (.text)
                   000261ad  [ 000130d6+] 000000bf          *                 : modf.obj (.text)
                   0002626c  [ 00013136 ] 000000ba          *                 : trgmsg.obj (.text:CIO_breakpoint)
                   00026326  [ 00013193 ] 000000ae          *                 : _bufread.obj (.text)
                   000263d4  [ 000131ea ] 000000a6          *                 : fputc.obj (.text)
                   0002647a  [ 0001323d ] 000000a3          *   main.obj (.text)
                   0002651d  [ 0001328e+] 000000a1          *   rts55x_eh.lib : divul.obj (.text)
                   000265be  [ 000132df ] 0000009b          *                 : fgetc.obj (.text)
                   00026659  [ 0001332c+] 0000009a          *                 : ungetc.obj (.text)
                   000266f3  [ 00013379+] 00000091          *   aic3204_test.obj (.text)
                   00026784  [ 000133c2 ] 0000007d          *   rts55x_eh.lib : ltoa.obj (.text)
                   00026801  [ 00013400+] 0000007b          *                 : fclose.obj (.text)
                   0002687c  [ 0001343e ] 00000076          *                 : frcmpyd.obj (.text)
                   000268f2  [ 00013479 ] 00000072          *                 : remul.obj (.text)
                   00026964  [ 000134b2 ] 0000006f          *                 : fixdli.obj (.text)
                   000269d3  [ 000134e9+] 0000006d          *                 : trgmsg.obj (.text)
                   00026a40  [ 00013520 ] 0000006b          *                 : fseek.obj (.text)
                   00026aab  [ 00013555+] 00000067          *                 : fltlid.obj (.text)
                   00026b12  [ 00013589 ] 0000005f          *                 : round.obj (.text)
                   00026b71  [ 000135b8+] 0000005c          *                 : atoi.obj (.text)
                   00026bcd  [ 000135e6+] 00000054          *   usbstk5515bsl.lib : usbstk5515.obj (.text)
                   00026c21  [ 00013610+] 00000050          *   rts55x_eh.lib : printf.obj (.text)
                   00026c71  [ 00013638+] 0000004d          *                 : autoinit.obj (.text)
                   00026cbe  [ 0001365f ] 0000004b          *                 : args_main.obj (.text)
                   00026d09  [ 00013684+] 0000004b          *                 : remli.obj (.text)
                   00026d54  [ 000136aa ] 00000048          *                 : divli.obj (.text)
                   00026d9c  [ 000136ce ] 00000041          *                 : trunc.obj (.text)
                   00026ddd  [ 000136ee+] 0000003f          *                 : memcpy.obj (.text)
                   00026e1c  [ 0001370e ] 0000003e          *                 : exit.obj (.text)
                   00026e5a  [ 0001372d ] 0000003c          *                 : idiv.obj (.text)
                   00026e96  [ 0001374b ] 00000034          *                 : boot.obj (.text)
                   00026eca  [ 00013765 ] 0000002a          *                 : fixdi.obj (.text)
                   00026ef4  [ 0001377a ] 0000002a          *                 : udiv.obj (.text)
                   00026f1e  [ 0001378f ] 00000023          *                 : memccpy.obj (.text)
                   00026f41  [ 000137a0+] 0000001c          *                 : isinf.obj (.text)
                   00026f5d  [ 000137ae+] 00000014          *                 : subd.obj (.text)
                   00026f71  [ 000137b8+] 00000013          *                 : lmpy.obj (.text)
                   00026f84  [ 000137c2 ] 00000012          *                 : _lock.obj (.text)
                   00026f96  [ 000137cb ] 00000010          *                 : negd.obj (.text)
                   00026fa6  [ 000137d3 ] 0000000c          *                 : fltid.obj (.text)
                   00026fb2  [ 000137d9 ] 0000000a          *                 : remove.obj (.text)
                   00026fbc  [ 000137de ] 00000007          *                 : exit.obj (.text:CIO_breakpoint)
                   00026fc3  [ 000137e1+] 00000002          *                 : vectors.obj (.text)
                   00026fc5  [ 000137e2 ] 00000001          *   --HOLE-- [fill = 20]

.cio         0   [ 00040000 ]  00020000          *   00000120   UNINITIALIZED
                 [ 00040000 ]  00020000          *   00000120   rts55x_eh.lib : trgmsg.obj (.cio)

.cinit       0   [ 00040240 ]  00020120          *   00000087   
                 [ 00040240 ]  00020120          *   0000002d   rts55x_eh.lib : lowlev.obj (.cinit)
                 [ 0004029a ]  0002014d          *   0000002a                 : defs.obj (.cinit)
                 [ 000402ee ]  00020177          *   0000000b                 : sin.obj (.cinit)
                 [ 00040304 ]  00020182          *   0000000a                 : _lock.obj (.cinit)
                 [ 00040318 ]  0002018c          *   0000000a                 : exit.obj (.cinit)
                 [ 0004032c ]  00020196          *   00000004                 : errno.obj (.cinit)
                 [ 00040334 ]  0002019a          *   00000004                 : fopen.obj (.cinit)
                 [ 0004033c ]  0002019e          *   00000004                 : memory.obj (.cinit)
                 [ 00040344 ]  000201a2          *   00000004   usbstk5515bsl.lib : usbstk5515_i2c.obj (.cinit)
                 [ 0004034c ]  000201a6          *   00000001   --HOLE-- [fill = 0]

vectors      0     0004fe00  [ 00027f00 ] 00000100          *   
                   0004fe00  [ 00027f00 ] 00000100          *   rts55x_eh.lib : vectors.obj (vectors)


GLOBAL SYMBOLS: SORTED ALPHABETICALLY BY Name 

abs. value/
byte addr   word addr   name
---------   ---------   ----
00000002                $TI_capability$C5500$CallingConvention
00000002                $TI_capability$C5500$MemoryModel
00000001                $TI_capability_requires_rev3
ffffffff                .bss
ffffffff                .data
ffffffff                .text
00026fbd                C$$EXIT
00026321                C$$IO$$
00026e5a                I$$DIV
00026f71                I$$LMPY
00026e79                I$$MOD
00026ef4                I$$UDIV
00026f09                I$$UMOD
000266f3                _AIC3204_rget
0002673e                _AIC3204_rset
00022e5b                _HOSTclock
00022df0                _HOSTclose
00022d3b                _HOSTlseek
00022c9c                _HOSTopen
00022c0f                _HOSTread
00022b61                _HOSTrename
00022b03                _HOSTtime
00022a99                _HOSTunlink
00022a0c                _HOSTwrite
0004fe00                _Reset
0002647a                _TEST_execute
00025b7e                _USBSTK5515_GPIO_getInput
00025a80                _USBSTK5515_GPIO_init
00025a84                _USBSTK5515_GPIO_setDirection
00025b01                _USBSTK5515_GPIO_setOutput
00025d41                _USBSTK5515_I2C_close
00025d22                _USBSTK5515_I2C_init
00025de7                _USBSTK5515_I2C_read
00025d4a                _USBSTK5515_I2C_reset
00025d58                _USBSTK5515_I2C_write
00026c13                _USBSTK5515_init
00026bcd                _USBSTK5515_wait
00026c01                _USBSTK5515_waitusec
            00020000    __CIOBUF_
            00001060    __STACK_END
00002000                __STACK_SIZE
00002000                __SYSMEM_SIZE
00001000                __SYSSTACK_SIZE
ffffffff                ___binit__
ffffffff                ___bss__
ffffffff                ___c_args__
            00020120    ___cinit__
ffffffff                ___data__
ffffffff                ___edata__
ffffffff                ___end__
ffffffff                ___etext__
00026f41                ___isinf
ffffffff                ___pinit__
ffffffff                ___text__
00024b63                __addd
00026cbe                __args_main
00026326                __buff_read
000247a7                __cleanup
            00002de8    __cleanup_ptr
00025593                __cmpd
            0000296c    __ctypes_
00023817                __divd
00026e5a                __divi
00026d54                __divli
00024b2e                __divlli
00026ef4                __divu
0002651d                __divul
00024a3a                __divull
000260eb                __doflush
            00002dea    __dtors_ptr
0002555f                __eqld
00026eca                __fixdi
00026964                __fixdli
00026fa6                __fltid
00026aab                __fltlid
0002687c                __frcmpyd
00026023                __frcmpyd_div
            00002c92    __ft_end
            00002b7a    __ftable
00025515                __geqd
000254ca                __gtrd
0002547d                __leqd
            00002de4    __lock
00025435                __lssd
00025bd6                __mpyd
00026f71                __mpyli
00024982                __mpylli
00026f96                __negd
00025401                __neqd
00026f94                __nop
00026b12                __nround
00021356                __printfi
00025fc6                __rd_ok
00026f8c                __register_lock
00026f84                __register_unlock
00026e79                __remi
00026d09                __remli
00024953                __remlli
00026f09                __remu
000268f2                __remul
00024905                __remull
00021f46                __scanfi
            00000060    __stack
00026f5d                __subd
            00001860    __sys_memory
            00001060    __sysstack
            00002bf2    __tmpnams
00026d9c                __trunc
            00002de6    __unlock
00025f46                __wrt_ok
00026fbc                _abort
000228a1                _add_device
00023e62                _aic3204_loop_stereo_in1
00026760                _aic3204_test
0002336e                _aic3204_tone_headphone
00026b71                _atoi
00026c71                _auto_init
00026e96                _c_int00
00023348                _calloc
00023340                _chkheap
0002282e                _close
            00002d63    _errno
00026e1c                _exit
00026801                _fclose
00026154                _fflush
000265be                _fgetc
00022825                _find_registered_device
000248ca                _fopen
000263d4                _fputc
000257bc                _fputs
00022eb9                _free
000232ea                _free_memory
00024801                _freopen
0002595b                _fscanf
00026a40                _fseek
000265be                _getc
0002664a                _getchar
00022991                _getenv
            00002dec    _i2c_timeout
000227bf                _lseek
00026784                _ltoa
000264b4                _main
00022fea                _malloc
00023290                _max_free
00026f1e                _memccpy
00026ddd                _memcpy
00022f85                _minit
000261ad                _modf
00022700                _open
00026c21                _printf
000263d4                _putc
0002646b                _putchar
000258f1                _puts
00022652                _read
000269d3                _readmsg
000230df                _realloc
00026fb2                _remove
0002261c                _remove_device
000225c3                _rename
0002591f                _scanf
00025e60                _setvbuf
0002520f                _sin
0002412a                _strtod
00025007                _strtol
000243e7                _strtold
00023b61                _strtoll
000255eb                _strtoul
00024dbc                _strtoull
00026659                _ungetc
00022590                _unlink
0002244e                _write
0002626c                _writemsg
ffffffff                binit
            00020120    cinit
ffffffff                edata
ffffffff                end
ffffffff                etext
ffffffff                pinit


GLOBAL SYMBOLS: SORTED BY Symbol Address 

abs. value/
byte addr   word addr   name
---------   ---------   ----
00000001                $TI_capability_requires_rev3
00000002                $TI_capability$C5500$CallingConvention
00000002                $TI_capability$C5500$MemoryModel
            00000060    __stack
00001000                __SYSSTACK_SIZE
00002000                __STACK_SIZE
00002000                __SYSMEM_SIZE
            00001060    __STACK_END
            00001060    __sysstack
            00001860    __sys_memory
            0000296c    __ctypes_
            00002b7a    __ftable
            00002bf2    __tmpnams
            00002c92    __ft_end
            00002d63    _errno
            00002de4    __lock
            00002de6    __unlock
            00002de8    __cleanup_ptr
            00002dea    __dtors_ptr
            00002dec    _i2c_timeout
00021356                __printfi
00021f46                __scanfi
0002244e                _write
00022590                _unlink
000225c3                _rename
0002261c                _remove_device
00022652                _read
00022700                _open
000227bf                _lseek
00022825                _find_registered_device
0002282e                _close
000228a1                _add_device
00022991                _getenv
00022a0c                _HOSTwrite
00022a99                _HOSTunlink
00022b03                _HOSTtime
00022b61                _HOSTrename
00022c0f                _HOSTread
00022c9c                _HOSTopen
00022d3b                _HOSTlseek
00022df0                _HOSTclose
00022e5b                _HOSTclock
00022eb9                _free
00022f85                _minit
00022fea                _malloc
000230df                _realloc
00023290                _max_free
000232ea                _free_memory
00023340                _chkheap
00023348                _calloc
0002336e                _aic3204_tone_headphone
00023817                __divd
00023b61                _strtoll
00023e62                _aic3204_loop_stereo_in1
0002412a                _strtod
000243e7                _strtold
000247a7                __cleanup
00024801                _freopen
000248ca                _fopen
00024905                __remull
00024953                __remlli
00024982                __mpylli
00024a3a                __divull
00024b2e                __divlli
00024b63                __addd
00024dbc                _strtoull
00025007                _strtol
0002520f                _sin
00025401                __neqd
00025435                __lssd
0002547d                __leqd
000254ca                __gtrd
00025515                __geqd
0002555f                __eqld
00025593                __cmpd
000255eb                _strtoul
000257bc                _fputs
000258f1                _puts
0002591f                _scanf
0002595b                _fscanf
00025a80                _USBSTK5515_GPIO_init
00025a84                _USBSTK5515_GPIO_setDirection
00025b01                _USBSTK5515_GPIO_setOutput
00025b7e                _USBSTK5515_GPIO_getInput
00025bd6                __mpyd
00025d22                _USBSTK5515_I2C_init
00025d41                _USBSTK5515_I2C_close
00025d4a                _USBSTK5515_I2C_reset
00025d58                _USBSTK5515_I2C_write
00025de7                _USBSTK5515_I2C_read
00025e60                _setvbuf
00025f46                __wrt_ok
00025fc6                __rd_ok
00026023                __frcmpyd_div
000260eb                __doflush
00026154                _fflush
000261ad                _modf
0002626c                _writemsg
00026321                C$$IO$$
00026326                __buff_read
000263d4                _fputc
000263d4                _putc
0002646b                _putchar
0002647a                _TEST_execute
000264b4                _main
0002651d                __divul
000265be                _fgetc
000265be                _getc
0002664a                _getchar
00026659                _ungetc
000266f3                _AIC3204_rget
0002673e                _AIC3204_rset
00026760                _aic3204_test
00026784                _ltoa
00026801                _fclose
0002687c                __frcmpyd
000268f2                __remul
00026964                __fixdli
000269d3                _readmsg
00026a40                _fseek
00026aab                __fltlid
00026b12                __nround
00026b71                _atoi
00026bcd                _USBSTK5515_wait
00026c01                _USBSTK5515_waitusec
00026c13                _USBSTK5515_init
00026c21                _printf
00026c71                _auto_init
00026cbe                __args_main
00026d09                __remli
00026d54                __divli
00026d9c                __trunc
00026ddd                _memcpy
00026e1c                _exit
00026e5a                I$$DIV
00026e5a                __divi
00026e79                I$$MOD
00026e79                __remi
00026e96                _c_int00
00026eca                __fixdi
00026ef4                I$$UDIV
00026ef4                __divu
00026f09                I$$UMOD
00026f09                __remu
00026f1e                _memccpy
00026f41                ___isinf
00026f5d                __subd
00026f71                I$$LMPY
00026f71                __mpyli
00026f84                __register_unlock
00026f8c                __register_lock
00026f94                __nop
00026f96                __negd
00026fa6                __fltid
00026fb2                _remove
00026fbc                _abort
00026fbd                C$$EXIT
            00020000    __CIOBUF_
            00020120    ___cinit__
            00020120    cinit
0004fe00                _Reset
ffffffff                .bss
ffffffff                .data
ffffffff                .text
ffffffff                ___binit__
ffffffff                ___bss__
ffffffff                ___c_args__
ffffffff                ___data__
ffffffff                ___edata__
ffffffff                ___end__
ffffffff                ___etext__
ffffffff                ___pinit__
ffffffff                ___text__
ffffffff                binit
ffffffff                edata
ffffffff                end
ffffffff                etext
ffffffff                pinit

[178 symbols]
