******************************************************************************
              TMS320C55x Linker PC v4.3.6                      
******************************************************************************
>> Linked Fri Nov 29 10:53:59 2019

OUTPUT FILE NAME:   <aic3204.out>
ENTRY POINT SYMBOL: "_c_int00"  address: 00025062


MEMORY CONFIGURATION

         name            origin    length      used     unused   attr    fill
                        (bytes)   (bytes)    (bytes)   (bytes)
----------------------  --------  ---------  --------  --------  ----  --------
PAGE 0:
  MMR                   00000000   000000c0  00000000  000000c0  RWIX
  DARAM0                000000c0   0000ff40  00005a1e  0000a522  RWIX
  SARAM0                00010000   00010000  00000000  00010000  RWIX
  SARAM1                00020000   00020000  00005192  0001ae6e  RWIX
  SARAM2                00040000   0000fe00  0000035c  0000faa4  RWIX
  VECS                  0004fe00   00000200  00000100  00000100  RWIX
  PDROM                 00ff8000   00008000  00000000  00008000  R IX

PAGE 2:
  IOPORT                00000000   00020000  00000000  00020000  RWI 


SECTION ALLOCATION MAP
(Addresses surrounded by []'s are displayed for convenience only!)

output                                                          attributes/
section   page  orgn(bytes) orgn(words) len(bytes) len(words)   input sections
--------  ----  ----------- ----------- ---------- ----------   --------------
.pinit       0   [ 00040000 ]  00020000          *   00000000   UNINITIALIZED

.stack       0   [ 000000c0 ]  00000060          *   00001000   UNINITIALIZED
                 [ 000000c0 ]  00000060          *   00001000   --HOLE--

.data        0   [ 000000c0 ]  00000060          *   00000000   UNINITIALIZED

.sysstack 
*            0   [ 000020c0 ]  00001060          *   00000800   UNINITIALIZED
                 [ 000020c0 ]  00001060          *   00000800   --HOLE--

.sysmem      0   [ 000030c0 ]  00001860          *   00001000   UNINITIALIZED
                 [ 000030c0 ]  00001860          *   00001000   --HOLE--

.const.1     0   [ 000050c0 ]  00002860          *   00000101   
                 [ 000050c0 ]  00002860          *   00000101   rts55x_eh.lib : ctype.obj (.const:__ctypes_)

.const.2     0   [ 000052c4 ]  00002962          *   0000007b   
                 [ 000052c4 ]  00002962          *   0000007b   main.obj (.const:.string)

.const.3     0   [ 000053bc ]  000029de          *   0000008d   
                 [ 000053bc ]  000029de          *   0000005d   aic3204_test.obj (.const:.string)
                 [ 00005476 ]  00002a3b          *   00000030   aic3204_tone_headphone.obj (.const:_$P$T0$1)

.const.4     0   [ 000054d8 ]  00002a6c          *   0000008c   
                 [ 000054d8 ]  00002a6c          *   00000024   rts55x_eh.lib : _printfi.obj (.const:.string)
                 [ 00005520 ]  00002a90          *   00000016                 : cos.obj (.const)
                 [ 0000554c ]  00002aa6          *   00000014                 : sin.obj (.const)
                 [ 00005574 ]  00002aba          *   0000000c                 : _printfi.obj (.const)
                 [ 0000558c ]  00002ac6          *   0000000a   aic3204_tone_headphone.obj (.const)
                 [ 000055a0 ]  00002ad0          *   00000008   aic3204_tone_headphone.obj (.const:_$P$T1$2)
                 [ 000055b0 ]  00002ad8          *   00000008   rts55x_eh.lib : divd.obj (.const:_initial_approx$1)
                 [ 000055c0 ]  00002ae0          *   00000008                 : round.obj (.const)
                 [ 000055d0 ]  00002ae8          *   00000006                 : modf.obj (.const)
                 [ 000055dc ]  00002aee          *   00000004                 : trunc.obj (.const)
                 [ 000055e4 ]  00002af2          *   00000002                 : fputs.obj (.const:.string)
                 [ 000055e8 ]  00002af4          *   00000002                 : divd.obj (.const)
                 [ 000055ec ]  00002af6          *   00000002                 : fltlid.obj (.const)

.bss         0   [ 000055f0 ]  00002af8          *   0000027a   UNINITIALIZED
                 [ 000055f0 ]  00002af8          *   00000119   rts55x_eh.lib : defs.obj (.bss)
                 [ 00005822 ]  00002c11          *   000000d0                 : trgdrv.obj (.bss)
                 [ 000059c2 ]  00002ce1          *   00000001                 : fopen.obj (.bss)
                 [ 000059c4 ]  00002ce2          *   00000071                 : lowlev.obj (.bss)
                 [ 00005aa6 ]  00002d53          *   00000001   usbstk5515bsl.lib : usbstk5515_i2c.obj (.bss)
                 [ 00005aa8 ]  00002d54          *   00000008   rts55x_eh.lib : cos.obj (.bss)
                 [ 00005ab8 ]  00002d5c          *   00000008                 : sin.obj (.bss)
                 [ 00005ac8 ]  00002d64          *   00000006                 : memory.obj (.bss)
                 [ 00005ad4 ]  00002d6a          *   00000004                 : _lock.obj (.bss)
                 [ 00005adc ]  00002d6e          *   00000004                 : exit.obj (.bss)

.text        0     00020000  [ 00010000 ] 00005192          *   
                   00020000  [ 00010000 ] 00001598          *   rts55x_eh.lib : _printfi.obj (.text)
                   00021598  [ 00010acc ] 0000059d          *   aic3204_tone_headphone.obj (.text)
                   00021b35  [ 00010d9a+] 00000543          *   rts55x_eh.lib : lowlev.obj (.text)
                   00022078  [ 0001103c ] 00000528          *                 : trgdrv.obj (.text)
                   000225a0  [ 000112d0 ] 000004b5          *                 : memory.obj (.text)
                   00022a55  [ 0001152a+] 0000036c          *                 : divd.obj (.text)
                   00022dc1  [ 000116e0+] 0000027f          *                 : fopen.obj (.text)
                   00023040  [ 00011820 ] 0000025e          *                 : llmpy.obj (.text)
                   0002329e  [ 0001194f ] 00000259          *                 : addd.obj (.text)
                   000234f7  [ 00011a7b+] 00000218          *                 : cos.obj (.text)
                   0002370f  [ 00011b87+] 000001f2          *                 : sin.obj (.text)
                   00023901  [ 00011c80+] 000001ea          *                 : cmpd.obj (.text)
                   00023aeb  [ 00011d75+] 000001d4          *   aic3204_loop_stereo_in1.obj (.text)
                   00023cbf  [ 00011e5f+] 00000163          *   rts55x_eh.lib : fputs.obj (.text)
                   00023e22  [ 00011f11 ] 00000156          *   usbstk5515bsl.lib : usbstk5515_gpio.obj (.text)
                   00023f78  [ 00011fbc ] 0000014c          *   rts55x_eh.lib : mpyd.obj (.text)
                   000240c4  [ 00012062 ] 0000013e          *   usbstk5515bsl.lib : usbstk5515_i2c.obj (.text)
                   00024202  [ 00012101 ] 000000e6          *   rts55x_eh.lib : setvbuf.obj (.text)
                   000242e8  [ 00012174 ] 000000dd          *                 : _io_perm.obj (.text)
                   000243c5  [ 000121e2+] 000000c8          *                 : frcmpyd_div.obj (.text)
                   0002448d  [ 00012246+] 000000c2          *                 : fflush.obj (.text)
                   0002454f  [ 000122a7+] 000000bf          *                 : modf.obj (.text)
                   0002460e  [ 00012307 ] 000000ba          *                 : trgmsg.obj (.text:CIO_breakpoint)
                   000246c8  [ 00012364 ] 000000b5          *   aic3204_test.obj (.text)
                   0002477d  [ 000123be+] 000000a6          *   rts55x_eh.lib : fputc.obj (.text)
                   00024823  [ 00012411+] 000000a1          *                 : divul.obj (.text)
                   000248c4  [ 00012462 ] 0000008c          *   main.obj (.text)
                   00024950  [ 000124a8 ] 0000007d          *   rts55x_eh.lib : ltoa.obj (.text)
                   000249cd  [ 000124e6+] 0000007b          *                 : fclose.obj (.text)
                   00024a48  [ 00012524 ] 00000076          *                 : frcmpyd.obj (.text)
                   00024abe  [ 0001255f ] 00000072          *                 : remul.obj (.text)
                   00024b30  [ 00012598 ] 0000006f          *                 : fixdli.obj (.text)
                   00024b9f  [ 000125cf+] 0000006d          *                 : trgmsg.obj (.text)
                   00024c0c  [ 00012606 ] 0000006b          *                 : fseek.obj (.text)
                   00024c77  [ 0001263b+] 00000067          *                 : fltlid.obj (.text)
                   00024cde  [ 0001266f ] 0000005f          *                 : round.obj (.text)
                   00024d3d  [ 0001269e+] 0000005c          *                 : atoi.obj (.text)
                   00024d99  [ 000126cc+] 00000054          *   usbstk5515bsl.lib : usbstk5515.obj (.text)
                   00024ded  [ 000126f6+] 00000050          *   rts55x_eh.lib : printf.obj (.text)
                   00024e3d  [ 0001271e+] 0000004d          *                 : autoinit.obj (.text)
                   00024e8a  [ 00012745 ] 0000004b          *                 : args_main.obj (.text)
                   00024ed5  [ 0001276a+] 0000004b          *                 : remli.obj (.text)
                   00024f20  [ 00012790 ] 00000048          *                 : divli.obj (.text)
                   00024f68  [ 000127b4 ] 00000041          *                 : trunc.obj (.text)
                   00024fa9  [ 000127d4+] 0000003f          *                 : memcpy.obj (.text)
                   00024fe8  [ 000127f4 ] 0000003e          *                 : exit.obj (.text)
                   00025026  [ 00012813 ] 0000003c          *                 : idiv.obj (.text)
                   00025062  [ 00012831 ] 00000034          *                 : boot.obj (.text)
                   00025096  [ 0001284b ] 0000002a          *                 : fixdi.obj (.text)
                   000250c0  [ 00012860 ] 0000002a          *                 : udiv.obj (.text)
                   000250ea  [ 00012875 ] 00000023          *                 : memccpy.obj (.text)
                   0002510d  [ 00012886+] 0000001c          *                 : isinf.obj (.text)
                   00025129  [ 00012894+] 00000014          *                 : subd.obj (.text)
                   0002513d  [ 0001289e+] 00000013          *                 : lmpy.obj (.text)
                   00025150  [ 000128a8 ] 00000012          *                 : _lock.obj (.text)
                   00025162  [ 000128b1 ] 00000010          *                 : negd.obj (.text)
                   00025172  [ 000128b9 ] 0000000c          *                 : fltid.obj (.text)
                   0002517e  [ 000128bf ] 0000000a          *                 : remove.obj (.text)
                   00025188  [ 000128c4 ] 00000007          *                 : exit.obj (.text:CIO_breakpoint)
                   0002518f  [ 000128c7+] 00000002          *                 : vectors.obj (.text)
                   00025191  [ 000128c8 ] 00000001          *   --HOLE-- [fill = 20]

.cio         0   [ 00040000 ]  00020000          *   00000120   UNINITIALIZED
                 [ 00040000 ]  00020000          *   00000120   rts55x_eh.lib : trgmsg.obj (.cio)

.cinit       0   [ 00040240 ]  00020120          *   0000008e   
                 [ 00040240 ]  00020120          *   0000002d   rts55x_eh.lib : lowlev.obj (.cinit)
                 [ 0004029a ]  0002014d          *   0000002a                 : defs.obj (.cinit)
                 [ 000402ee ]  00020177          *   0000000b                 : cos.obj (.cinit)
                 [ 00040304 ]  00020182          *   0000000b                 : sin.obj (.cinit)
                 [ 0004031a ]  0002018d          *   0000000a                 : _lock.obj (.cinit)
                 [ 0004032e ]  00020197          *   0000000a                 : exit.obj (.cinit)
                 [ 00040342 ]  000201a1          *   00000004                 : fopen.obj (.cinit)
                 [ 0004034a ]  000201a5          *   00000004                 : memory.obj (.cinit)
                 [ 00040352 ]  000201a9          *   00000004   usbstk5515bsl.lib : usbstk5515_i2c.obj (.cinit)
                 [ 0004035a ]  000201ad          *   00000001   --HOLE-- [fill = 0]

vectors      0     0004fe00  [ 00027f00 ] 00000100          *   
                   0004fe00  [ 00027f00 ] 00000100          *   rts55x_eh.lib : vectors.obj (vectors)


GLOBAL SYMBOLS: SORTED ALPHABETICALLY BY Name 

abs. value/
byte addr   word addr   name
---------   ---------   ----
00000002                $TI_capability$C5500$CallingConvention
00000002                $TI_capability$C5500$MemoryModel
00000001                $TI_capability_requires_rev3
ffffffff                .bss
ffffffff                .data
ffffffff                .text
00025189                C$$EXIT
000246c3                C$$IO$$
00025026                I$$DIV
0002513d                I$$LMPY
00025045                I$$MOD
000250c0                I$$UDIV
000250d5                I$$UMOD
000246c8                _AIC3204_rget
00024713                _AIC3204_rset
00022542                _HOSTclock
000224d7                _HOSTclose
00022422                _HOSTlseek
00022383                _HOSTopen
000222f6                _HOSTread
00022248                _HOSTrename
000221ea                _HOSTtime
00022180                _HOSTunlink
000220f3                _HOSTwrite
0004fe00                _Reset
000248c4                _TEST_execute
00023f20                _USBSTK5515_GPIO_getInput
00023e22                _USBSTK5515_GPIO_init
00023e26                _USBSTK5515_GPIO_setDirection
00023ea3                _USBSTK5515_GPIO_setOutput
000240e3                _USBSTK5515_I2C_close
000240c4                _USBSTK5515_I2C_init
00024189                _USBSTK5515_I2C_read
000240ec                _USBSTK5515_I2C_reset
000240fa                _USBSTK5515_I2C_write
00024ddf                _USBSTK5515_init
00024d99                _USBSTK5515_wait
00024dcd                _USBSTK5515_waitusec
            00020000    __CIOBUF_
            00001060    __STACK_END
00002000                __STACK_SIZE
00002000                __SYSMEM_SIZE
00001000                __SYSSTACK_SIZE
ffffffff                ___binit__
ffffffff                ___bss__
ffffffff                ___c_args__
            00020120    ___cinit__
ffffffff                ___data__
ffffffff                ___edata__
ffffffff                ___end__
ffffffff                ___etext__
0002510d                ___isinf
ffffffff                ___pinit__
ffffffff                ___text__
0002329e                __addd
00024e8a                __args_main
00022ee2                __cleanup
            00002d6e    __cleanup_ptr
00023a93                __cmpd
            00002860    __ctypes_
00022a77                __divd
00025026                __divi
00024f20                __divli
00023269                __divlli
000250c0                __divu
00024823                __divul
00023175                __divull
0002448d                __doflush
            00002d70    __dtors_ptr
00023a5f                __eqld
00025096                __fixdi
00024b30                __fixdli
00025172                __fltid
00024c77                __fltlid
00024a48                __frcmpyd
000243c5                __frcmpyd_div
            00002c10    __ft_end
            00002af8    __ftable
00023a15                __geqd
000239ca                __gtrd
0002397d                __leqd
            00002d6a    __lock
00023935                __lssd
00023f78                __mpyd
0002513d                __mpyli
000230bd                __mpylli
00025162                __negd
00023901                __neqd
00025160                __nop
00024cde                __nround
00021356                __printfi
00024368                __rd_ok
00025158                __register_lock
00025150                __register_unlock
00025045                __remi
00024ed5                __remli
0002308e                __remlli
000250d5                __remu
00024abe                __remul
00023040                __remull
            00000060    __stack
00025129                __subd
            00001860    __sys_memory
            00001060    __sysstack
            00002b70    __tmpnams
00024f68                __trunc
            00002d6c    __unlock
000242e8                __wrt_ok
00025188                _abort
00021f88                _add_device
00023aeb                _aic3204_loop_stereo_in1
00024735                _aic3204_test
00021598                _aic3204_tone_headphone
00024d3d                _atoi
00024e3d                _auto_init
00025062                _c_int00
00022a2f                _calloc
00022a27                _chkheap
00021f15                _close
000234f7                _cos
00024fe8                _exit
000249cd                _fclose
000244f6                _fflush
00021f0c                _find_registered_device
00023005                _fopen
0002477d                _fputc
00023cbf                _fputs
000225a0                _free
000229d1                _free_memory
00022f3c                _freopen
00024c0c                _fseek
00022078                _getenv
            00002d53    _i2c_timeout
00021ea6                _lseek
00024950                _ltoa
00024915                _main
000226d1                _malloc
00022977                _max_free
000250ea                _memccpy
00024fa9                _memcpy
0002266c                _minit
0002454f                _modf
00021de7                _open
00024ded                _printf
0002477d                _putc
00024814                _putchar
00023df4                _puts
00021d39                _read
00024b9f                _readmsg
000227c6                _realloc
0002517e                _remove
00021d03                _remove_device
00021caa                _rename
00024202                _setvbuf
0002370f                _sin
00021c77                _unlink
00021b35                _write
0002460e                _writemsg
ffffffff                binit
            00020120    cinit
ffffffff                edata
ffffffff                end
ffffffff                etext
ffffffff                pinit


GLOBAL SYMBOLS: SORTED BY Symbol Address 

abs. value/
byte addr   word addr   name
---------   ---------   ----
00000001                $TI_capability_requires_rev3
00000002                $TI_capability$C5500$CallingConvention
00000002                $TI_capability$C5500$MemoryModel
            00000060    __stack
00001000                __SYSSTACK_SIZE
00002000                __STACK_SIZE
00002000                __SYSMEM_SIZE
            00001060    __STACK_END
            00001060    __sysstack
            00001860    __sys_memory
            00002860    __ctypes_
            00002af8    __ftable
            00002b70    __tmpnams
            00002c10    __ft_end
            00002d53    _i2c_timeout
            00002d6a    __lock
            00002d6c    __unlock
            00002d6e    __cleanup_ptr
            00002d70    __dtors_ptr
00021356                __printfi
00021598                _aic3204_tone_headphone
00021b35                _write
00021c77                _unlink
00021caa                _rename
00021d03                _remove_device
00021d39                _read
00021de7                _open
00021ea6                _lseek
00021f0c                _find_registered_device
00021f15                _close
00021f88                _add_device
00022078                _getenv
000220f3                _HOSTwrite
00022180                _HOSTunlink
000221ea                _HOSTtime
00022248                _HOSTrename
000222f6                _HOSTread
00022383                _HOSTopen
00022422                _HOSTlseek
000224d7                _HOSTclose
00022542                _HOSTclock
000225a0                _free
0002266c                _minit
000226d1                _malloc
000227c6                _realloc
00022977                _max_free
000229d1                _free_memory
00022a27                _chkheap
00022a2f                _calloc
00022a77                __divd
00022ee2                __cleanup
00022f3c                _freopen
00023005                _fopen
00023040                __remull
0002308e                __remlli
000230bd                __mpylli
00023175                __divull
00023269                __divlli
0002329e                __addd
000234f7                _cos
0002370f                _sin
00023901                __neqd
00023935                __lssd
0002397d                __leqd
000239ca                __gtrd
00023a15                __geqd
00023a5f                __eqld
00023a93                __cmpd
00023aeb                _aic3204_loop_stereo_in1
00023cbf                _fputs
00023df4                _puts
00023e22                _USBSTK5515_GPIO_init
00023e26                _USBSTK5515_GPIO_setDirection
00023ea3                _USBSTK5515_GPIO_setOutput
00023f20                _USBSTK5515_GPIO_getInput
00023f78                __mpyd
000240c4                _USBSTK5515_I2C_init
000240e3                _USBSTK5515_I2C_close
000240ec                _USBSTK5515_I2C_reset
000240fa                _USBSTK5515_I2C_write
00024189                _USBSTK5515_I2C_read
00024202                _setvbuf
000242e8                __wrt_ok
00024368                __rd_ok
000243c5                __frcmpyd_div
0002448d                __doflush
000244f6                _fflush
0002454f                _modf
0002460e                _writemsg
000246c3                C$$IO$$
000246c8                _AIC3204_rget
00024713                _AIC3204_rset
00024735                _aic3204_test
0002477d                _fputc
0002477d                _putc
00024814                _putchar
00024823                __divul
000248c4                _TEST_execute
00024915                _main
00024950                _ltoa
000249cd                _fclose
00024a48                __frcmpyd
00024abe                __remul
00024b30                __fixdli
00024b9f                _readmsg
00024c0c                _fseek
00024c77                __fltlid
00024cde                __nround
00024d3d                _atoi
00024d99                _USBSTK5515_wait
00024dcd                _USBSTK5515_waitusec
00024ddf                _USBSTK5515_init
00024ded                _printf
00024e3d                _auto_init
00024e8a                __args_main
00024ed5                __remli
00024f20                __divli
00024f68                __trunc
00024fa9                _memcpy
00024fe8                _exit
00025026                I$$DIV
00025026                __divi
00025045                I$$MOD
00025045                __remi
00025062                _c_int00
00025096                __fixdi
000250c0                I$$UDIV
000250c0                __divu
000250d5                I$$UMOD
000250d5                __remu
000250ea                _memccpy
0002510d                ___isinf
00025129                __subd
0002513d                I$$LMPY
0002513d                __mpyli
00025150                __register_unlock
00025158                __register_lock
00025160                __nop
00025162                __negd
00025172                __fltid
0002517e                _remove
00025188                _abort
00025189                C$$EXIT
            00020000    __CIOBUF_
            00020120    ___cinit__
            00020120    cinit
0004fe00                _Reset
ffffffff                .bss
ffffffff                .data
ffffffff                .text
ffffffff                ___binit__
ffffffff                ___bss__
ffffffff                ___c_args__
ffffffff                ___data__
ffffffff                ___edata__
ffffffff                ___end__
ffffffff                ___etext__
ffffffff                ___pinit__
ffffffff                ___text__
ffffffff                binit
ffffffff                edata
ffffffff                end
ffffffff                etext
ffffffff                pinit

[164 symbols]
