******************************************************************************
              TMS320C55x Linker PC v4.3.6                      
******************************************************************************
>> Linked Sun Dec 01 11:40:25 2019

OUTPUT FILE NAME:   <aic3204.out>
ENTRY POINT SYMBOL: "_c_int00"  address: 00024e64


MEMORY CONFIGURATION

         name            origin    length      used     unused   attr    fill
                        (bytes)   (bytes)    (bytes)   (bytes)
----------------------  --------  ---------  --------  --------  ----  --------
PAGE 0:
  MMR                   00000000   000000c0  00000000  000000c0  RWIX
  DARAM0                000000c0   0000ff40  000059a6  0000a59a  RWIX
  SARAM0                00010000   00010000  00000000  00010000  RWIX
  SARAM1                00020000   00020000  00004f94  0001b06c  RWIX
  SARAM2                00040000   0000fe00  00000346  0000faba  RWIX
  VECS                  0004fe00   00000200  00000100  00000100  RWIX
  PDROM                 00ff8000   00008000  00000000  00008000  R IX

PAGE 2:
  IOPORT                00000000   00020000  00000000  00020000  RWI 


SECTION ALLOCATION MAP
(Addresses surrounded by []'s are displayed for convenience only!)

output                                                          attributes/
section   page  orgn(bytes) orgn(words) len(bytes) len(words)   input sections
--------  ----  ----------- ----------- ---------- ----------   --------------
.pinit       0   [ 00040000 ]  00020000          *   00000000   UNINITIALIZED

.stack       0   [ 000000c0 ]  00000060          *   00001000   UNINITIALIZED
                 [ 000000c0 ]  00000060          *   00001000   --HOLE--

.data        0   [ 000000c0 ]  00000060          *   00000000   UNINITIALIZED

.sysstack 
*            0   [ 000020c0 ]  00001060          *   00000800   UNINITIALIZED
                 [ 000020c0 ]  00001060          *   00000800   --HOLE--

.sysmem      0   [ 000030c0 ]  00001860          *   00001000   UNINITIALIZED
                 [ 000030c0 ]  00001860          *   00001000   --HOLE--

.bss         0   [ 000050c0 ]  00002860          *   00000272   UNINITIALIZED
                 [ 000050c0 ]  00002860          *   00000119   rts55x_eh.lib : defs.obj (.bss)
                 [ 000052f2 ]  00002979          *   000000d0                 : trgdrv.obj (.bss)
                 [ 00005492 ]  00002a49          *   00000001                 : fopen.obj (.bss)
                 [ 00005494 ]  00002a4a          *   00000071                 : lowlev.obj (.bss)
                 [ 00005576 ]  00002abb          *   00000001   usbstk5515bsl.lib : usbstk5515_i2c.obj (.bss)
                 [ 00005578 ]  00002abc          *   00000008   rts55x_eh.lib : sin.obj (.bss)
                 [ 00005588 ]  00002ac4          *   00000006                 : memory.obj (.bss)
                 [ 00005594 ]  00002aca          *   00000004                 : _lock.obj (.bss)
                 [ 0000559c ]  00002ace          *   00000004                 : exit.obj (.bss)

.const.1     0   [ 000055a4 ]  00002ad2          *   00000101   
                 [ 000055a4 ]  00002ad2          *   00000101   rts55x_eh.lib : ctype.obj (.const:__ctypes_)

.const.2     0   [ 000057a8 ]  00002bd4          *   0000007b   
                 [ 000057a8 ]  00002bd4          *   0000007b   main.obj (.const:.string)

.const.3     0   [ 000058a0 ]  00002c50          *   0000005d   
                 [ 000058a0 ]  00002c50          *   0000005d   aic3204_test.obj (.const:.string)

.const.4     0   [ 0000595c ]  00002cae          *   00000088   
                 [ 0000595c ]  00002cae          *   00000024   rts55x_eh.lib : _printfi.obj (.const:.string)
                 [ 000059a4 ]  00002cd2          *   0000001e   aic3204_tone_headphone.obj (.const:.string)
                 [ 000059e0 ]  00002cf0          *   00000014   rts55x_eh.lib : sin.obj (.const)
                 [ 00005a08 ]  00002d04          *   0000000c                 : _printfi.obj (.const)
                 [ 00005a20 ]  00002d10          *   00000008                 : divd.obj (.const:_initial_approx$1)
                 [ 00005a30 ]  00002d18          *   00000008                 : round.obj (.const)
                 [ 00005a40 ]  00002d20          *   00000006   aic3204_tone_headphone.obj (.const)
                 [ 00005a4c ]  00002d26          *   00000006   rts55x_eh.lib : modf.obj (.const)
                 [ 00005a58 ]  00002d2c          *   00000004                 : trunc.obj (.const)
                 [ 00005a60 ]  00002d30          *   00000002                 : fputs.obj (.const:.string)
                 [ 00005a64 ]  00002d32          *   00000002                 : divd.obj (.const)
                 [ 00005a68 ]  00002d34          *   00000002                 : fltlid.obj (.const)

.text        0     00020000  [ 00010000 ] 00004f94          *   
                   00020000  [ 00010000 ] 00001598          *   rts55x_eh.lib : _printfi.obj (.text)
                   00021598  [ 00010acc ] 00000543          *                 : lowlev.obj (.text)
                   00021adb  [ 00010d6d+] 00000528          *                 : trgdrv.obj (.text)
                   00022003  [ 00011001+] 000004c3          *   aic3204_tone_headphone.obj (.text)
                   000224c6  [ 00011263 ] 000004b5          *   rts55x_eh.lib : memory.obj (.text)
                   0002297b  [ 000114bd+] 0000036c          *                 : divd.obj (.text)
                   00022ce7  [ 00011673+] 000002c8          *   aic3204_loop_stereo_in1.obj (.text)
                   00022faf  [ 000117d7+] 0000027f          *   rts55x_eh.lib : fopen.obj (.text)
                   0002322e  [ 00011917 ] 0000025e          *                 : llmpy.obj (.text)
                   0002348c  [ 00011a46 ] 00000259          *                 : addd.obj (.text)
                   000236e5  [ 00011b72+] 000001f2          *                 : sin.obj (.text)
                   000238d7  [ 00011c6b+] 000001ea          *                 : cmpd.obj (.text)
                   00023ac1  [ 00011d60+] 00000163          *                 : fputs.obj (.text)
                   00023c24  [ 00011e12 ] 00000156          *   usbstk5515bsl.lib : usbstk5515_gpio.obj (.text)
                   00023d7a  [ 00011ebd ] 0000014c          *   rts55x_eh.lib : mpyd.obj (.text)
                   00023ec6  [ 00011f63 ] 0000013e          *   usbstk5515bsl.lib : usbstk5515_i2c.obj (.text)
                   00024004  [ 00012002 ] 000000e6          *   rts55x_eh.lib : setvbuf.obj (.text)
                   000240ea  [ 00012075 ] 000000dd          *                 : _io_perm.obj (.text)
                   000241c7  [ 000120e3+] 000000c8          *                 : frcmpyd_div.obj (.text)
                   0002428f  [ 00012147+] 000000c2          *                 : fflush.obj (.text)
                   00024351  [ 000121a8+] 000000bf          *                 : modf.obj (.text)
                   00024410  [ 00012208 ] 000000ba          *                 : trgmsg.obj (.text:CIO_breakpoint)
                   000244ca  [ 00012265 ] 000000b5          *   aic3204_test.obj (.text)
                   0002457f  [ 000122bf+] 000000a6          *   rts55x_eh.lib : fputc.obj (.text)
                   00024625  [ 00012312+] 000000a1          *                 : divul.obj (.text)
                   000246c6  [ 00012363 ] 0000008c          *   main.obj (.text)
                   00024752  [ 000123a9 ] 0000007d          *   rts55x_eh.lib : ltoa.obj (.text)
                   000247cf  [ 000123e7+] 0000007b          *                 : fclose.obj (.text)
                   0002484a  [ 00012425 ] 00000076          *                 : frcmpyd.obj (.text)
                   000248c0  [ 00012460 ] 00000072          *                 : remul.obj (.text)
                   00024932  [ 00012499 ] 0000006f          *                 : fixdli.obj (.text)
                   000249a1  [ 000124d0+] 0000006d          *                 : trgmsg.obj (.text)
                   00024a0e  [ 00012507 ] 0000006b          *                 : fseek.obj (.text)
                   00024a79  [ 0001253c+] 00000067          *                 : fltlid.obj (.text)
                   00024ae0  [ 00012570 ] 0000005f          *                 : round.obj (.text)
                   00024b3f  [ 0001259f+] 0000005c          *                 : atoi.obj (.text)
                   00024b9b  [ 000125cd+] 00000054          *   usbstk5515bsl.lib : usbstk5515.obj (.text)
                   00024bef  [ 000125f7+] 00000050          *   rts55x_eh.lib : printf.obj (.text)
                   00024c3f  [ 0001261f+] 0000004d          *                 : autoinit.obj (.text)
                   00024c8c  [ 00012646 ] 0000004b          *                 : args_main.obj (.text)
                   00024cd7  [ 0001266b+] 0000004b          *                 : remli.obj (.text)
                   00024d22  [ 00012691 ] 00000048          *                 : divli.obj (.text)
                   00024d6a  [ 000126b5 ] 00000041          *                 : trunc.obj (.text)
                   00024dab  [ 000126d5+] 0000003f          *                 : memcpy.obj (.text)
                   00024dea  [ 000126f5 ] 0000003e          *                 : exit.obj (.text)
                   00024e28  [ 00012714 ] 0000003c          *                 : idiv.obj (.text)
                   00024e64  [ 00012732 ] 00000034          *                 : boot.obj (.text)
                   00024e98  [ 0001274c ] 0000002a          *                 : fixdi.obj (.text)
                   00024ec2  [ 00012761 ] 0000002a          *                 : udiv.obj (.text)
                   00024eec  [ 00012776 ] 00000023          *                 : memccpy.obj (.text)
                   00024f0f  [ 00012787+] 0000001c          *                 : isinf.obj (.text)
                   00024f2b  [ 00012795+] 00000014          *                 : subd.obj (.text)
                   00024f3f  [ 0001279f+] 00000013          *                 : lmpy.obj (.text)
                   00024f52  [ 000127a9 ] 00000012          *                 : _lock.obj (.text)
                   00024f64  [ 000127b2 ] 00000010          *                 : negd.obj (.text)
                   00024f74  [ 000127ba ] 0000000c          *                 : fltid.obj (.text)
                   00024f80  [ 000127c0 ] 0000000a          *                 : remove.obj (.text)
                   00024f8a  [ 000127c5 ] 00000007          *                 : exit.obj (.text:CIO_breakpoint)
                   00024f91  [ 000127c8+] 00000002          *                 : vectors.obj (.text)
                   00024f93  [ 000127c9 ] 00000001          *   --HOLE-- [fill = 20]

.cio         0   [ 00040000 ]  00020000          *   00000120   UNINITIALIZED
                 [ 00040000 ]  00020000          *   00000120   rts55x_eh.lib : trgmsg.obj (.cio)

.cinit       0   [ 00040240 ]  00020120          *   00000083   
                 [ 00040240 ]  00020120          *   0000002d   rts55x_eh.lib : lowlev.obj (.cinit)
                 [ 0004029a ]  0002014d          *   0000002a                 : defs.obj (.cinit)
                 [ 000402ee ]  00020177          *   0000000b                 : sin.obj (.cinit)
                 [ 00040304 ]  00020182          *   0000000a                 : _lock.obj (.cinit)
                 [ 00040318 ]  0002018c          *   0000000a                 : exit.obj (.cinit)
                 [ 0004032c ]  00020196          *   00000004                 : fopen.obj (.cinit)
                 [ 00040334 ]  0002019a          *   00000004                 : memory.obj (.cinit)
                 [ 0004033c ]  0002019e          *   00000004   usbstk5515bsl.lib : usbstk5515_i2c.obj (.cinit)
                 [ 00040344 ]  000201a2          *   00000001   --HOLE-- [fill = 0]

vectors      0     0004fe00  [ 00027f00 ] 00000100          *   
                   0004fe00  [ 00027f00 ] 00000100          *   rts55x_eh.lib : vectors.obj (vectors)


GLOBAL SYMBOLS: SORTED ALPHABETICALLY BY Name 

abs. value/
byte addr   word addr   name
---------   ---------   ----
00000002                $TI_capability$C5500$CallingConvention
00000002                $TI_capability$C5500$MemoryModel
00000001                $TI_capability_requires_rev3
ffffffff                .bss
ffffffff                .data
ffffffff                .text
00024f8b                C$$EXIT
000244c5                C$$IO$$
00024e28                I$$DIV
00024f3f                I$$LMPY
00024e47                I$$MOD
00024ec2                I$$UDIV
00024ed7                I$$UMOD
000244ca                _AIC3204_rget
00024515                _AIC3204_rset
00021fa5                _HOSTclock
00021f3a                _HOSTclose
00021e85                _HOSTlseek
00021de6                _HOSTopen
00021d59                _HOSTread
00021cab                _HOSTrename
00021c4d                _HOSTtime
00021be3                _HOSTunlink
00021b56                _HOSTwrite
0004fe00                _Reset
000246c6                _TEST_execute
00023d22                _USBSTK5515_GPIO_getInput
00023c24                _USBSTK5515_GPIO_init
00023c28                _USBSTK5515_GPIO_setDirection
00023ca5                _USBSTK5515_GPIO_setOutput
00023ee5                _USBSTK5515_I2C_close
00023ec6                _USBSTK5515_I2C_init
00023f8b                _USBSTK5515_I2C_read
00023eee                _USBSTK5515_I2C_reset
00023efc                _USBSTK5515_I2C_write
00024be1                _USBSTK5515_init
00024b9b                _USBSTK5515_wait
00024bcf                _USBSTK5515_waitusec
            00020000    __CIOBUF_
            00001060    __STACK_END
00002000                __STACK_SIZE
00002000                __SYSMEM_SIZE
00001000                __SYSSTACK_SIZE
ffffffff                ___binit__
ffffffff                ___bss__
ffffffff                ___c_args__
            00020120    ___cinit__
ffffffff                ___data__
ffffffff                ___edata__
ffffffff                ___end__
ffffffff                ___etext__
00024f0f                ___isinf
ffffffff                ___pinit__
ffffffff                ___text__
0002348c                __addd
00024c8c                __args_main
000230d0                __cleanup
            00002ace    __cleanup_ptr
00023a69                __cmpd
            00002ad2    __ctypes_
0002299d                __divd
00024e28                __divi
00024d22                __divli
00023457                __divlli
00024ec2                __divu
00024625                __divul
00023363                __divull
0002428f                __doflush
            00002ad0    __dtors_ptr
00023a35                __eqld
00024e98                __fixdi
00024932                __fixdli
00024f74                __fltid
00024a79                __fltlid
0002484a                __frcmpyd
000241c7                __frcmpyd_div
            00002978    __ft_end
            00002860    __ftable
000239eb                __geqd
000239a0                __gtrd
00023953                __leqd
            00002aca    __lock
0002390b                __lssd
00023d7a                __mpyd
00024f3f                __mpyli
000232ab                __mpylli
00024f64                __negd
000238d7                __neqd
00024f62                __nop
00024ae0                __nround
00021356                __printfi
0002416a                __rd_ok
00024f5a                __register_lock
00024f52                __register_unlock
00024e47                __remi
00024cd7                __remli
0002327c                __remlli
00024ed7                __remu
000248c0                __remul
0002322e                __remull
            00000060    __stack
00024f2b                __subd
            00001860    __sys_memory
            00001060    __sysstack
            000028d8    __tmpnams
00024d6a                __trunc
            00002acc    __unlock
000240ea                __wrt_ok
00024f8a                _abort
000219eb                _add_device
00022ce7                _aic3204_loop_stereo_in1
00024537                _aic3204_test
00022003                _aic3204_tone_headphone
00024b3f                _atoi
00024c3f                _auto_init
00024e64                _c_int00
00022955                _calloc
0002294d                _chkheap
00021978                _close
00024dea                _exit
000247cf                _fclose
000242f8                _fflush
0002196f                _find_registered_device
000231f3                _fopen
0002457f                _fputc
00023ac1                _fputs
000224c6                _free
000228f7                _free_memory
0002312a                _freopen
00024a0e                _fseek
00021adb                _getenv
            00002abb    _i2c_timeout
00021909                _lseek
00024752                _ltoa
00024717                _main
000225f7                _malloc
0002289d                _max_free
00024eec                _memccpy
00024dab                _memcpy
00022592                _minit
00024351                _modf
0002184a                _open
00024bef                _printf
0002457f                _putc
00024616                _putchar
00023bf6                _puts
0002179c                _read
000249a1                _readmsg
000226ec                _realloc
00024f80                _remove
00021766                _remove_device
0002170d                _rename
00024004                _setvbuf
000236e5                _sin
000216da                _unlink
00021598                _write
00024410                _writemsg
ffffffff                binit
            00020120    cinit
ffffffff                edata
ffffffff                end
ffffffff                etext
ffffffff                pinit


GLOBAL SYMBOLS: SORTED BY Symbol Address 

abs. value/
byte addr   word addr   name
---------   ---------   ----
00000001                $TI_capability_requires_rev3
00000002                $TI_capability$C5500$CallingConvention
00000002                $TI_capability$C5500$MemoryModel
            00000060    __stack
00001000                __SYSSTACK_SIZE
00002000                __STACK_SIZE
00002000                __SYSMEM_SIZE
            00001060    __STACK_END
            00001060    __sysstack
            00001860    __sys_memory
            00002860    __ftable
            000028d8    __tmpnams
            00002978    __ft_end
            00002abb    _i2c_timeout
            00002aca    __lock
            00002acc    __unlock
            00002ace    __cleanup_ptr
            00002ad0    __dtors_ptr
            00002ad2    __ctypes_
00021356                __printfi
00021598                _write
000216da                _unlink
0002170d                _rename
00021766                _remove_device
0002179c                _read
0002184a                _open
00021909                _lseek
0002196f                _find_registered_device
00021978                _close
000219eb                _add_device
00021adb                _getenv
00021b56                _HOSTwrite
00021be3                _HOSTunlink
00021c4d                _HOSTtime
00021cab                _HOSTrename
00021d59                _HOSTread
00021de6                _HOSTopen
00021e85                _HOSTlseek
00021f3a                _HOSTclose
00021fa5                _HOSTclock
00022003                _aic3204_tone_headphone
000224c6                _free
00022592                _minit
000225f7                _malloc
000226ec                _realloc
0002289d                _max_free
000228f7                _free_memory
0002294d                _chkheap
00022955                _calloc
0002299d                __divd
00022ce7                _aic3204_loop_stereo_in1
000230d0                __cleanup
0002312a                _freopen
000231f3                _fopen
0002322e                __remull
0002327c                __remlli
000232ab                __mpylli
00023363                __divull
00023457                __divlli
0002348c                __addd
000236e5                _sin
000238d7                __neqd
0002390b                __lssd
00023953                __leqd
000239a0                __gtrd
000239eb                __geqd
00023a35                __eqld
00023a69                __cmpd
00023ac1                _fputs
00023bf6                _puts
00023c24                _USBSTK5515_GPIO_init
00023c28                _USBSTK5515_GPIO_setDirection
00023ca5                _USBSTK5515_GPIO_setOutput
00023d22                _USBSTK5515_GPIO_getInput
00023d7a                __mpyd
00023ec6                _USBSTK5515_I2C_init
00023ee5                _USBSTK5515_I2C_close
00023eee                _USBSTK5515_I2C_reset
00023efc                _USBSTK5515_I2C_write
00023f8b                _USBSTK5515_I2C_read
00024004                _setvbuf
000240ea                __wrt_ok
0002416a                __rd_ok
000241c7                __frcmpyd_div
0002428f                __doflush
000242f8                _fflush
00024351                _modf
00024410                _writemsg
000244c5                C$$IO$$
000244ca                _AIC3204_rget
00024515                _AIC3204_rset
00024537                _aic3204_test
0002457f                _fputc
0002457f                _putc
00024616                _putchar
00024625                __divul
000246c6                _TEST_execute
00024717                _main
00024752                _ltoa
000247cf                _fclose
0002484a                __frcmpyd
000248c0                __remul
00024932                __fixdli
000249a1                _readmsg
00024a0e                _fseek
00024a79                __fltlid
00024ae0                __nround
00024b3f                _atoi
00024b9b                _USBSTK5515_wait
00024bcf                _USBSTK5515_waitusec
00024be1                _USBSTK5515_init
00024bef                _printf
00024c3f                _auto_init
00024c8c                __args_main
00024cd7                __remli
00024d22                __divli
00024d6a                __trunc
00024dab                _memcpy
00024dea                _exit
00024e28                I$$DIV
00024e28                __divi
00024e47                I$$MOD
00024e47                __remi
00024e64                _c_int00
00024e98                __fixdi
00024ec2                I$$UDIV
00024ec2                __divu
00024ed7                I$$UMOD
00024ed7                __remu
00024eec                _memccpy
00024f0f                ___isinf
00024f2b                __subd
00024f3f                I$$LMPY
00024f3f                __mpyli
00024f52                __register_unlock
00024f5a                __register_lock
00024f62                __nop
00024f64                __negd
00024f74                __fltid
00024f80                _remove
00024f8a                _abort
00024f8b                C$$EXIT
            00020000    __CIOBUF_
            00020120    ___cinit__
            00020120    cinit
0004fe00                _Reset
ffffffff                .bss
ffffffff                .data
ffffffff                .text
ffffffff                ___binit__
ffffffff                ___bss__
ffffffff                ___c_args__
ffffffff                ___data__
ffffffff                ___edata__
ffffffff                ___end__
ffffffff                ___etext__
ffffffff                ___pinit__
ffffffff                ___text__
ffffffff                binit
ffffffff                edata
ffffffff                end
ffffffff                etext
ffffffff                pinit

[163 symbols]
