******************************************************************************
              TMS320C55x Linker PC v4.3.6                      
******************************************************************************
>> Linked Sat Dec 07 11:39:29 2019

OUTPUT FILE NAME:   <aic3204.out>
ENTRY POINT SYMBOL: "_c_int00"  address: 00026e5a


MEMORY CONFIGURATION

         name            origin    length      used     unused   attr    fill
                        (bytes)   (bytes)    (bytes)   (bytes)
----------------------  --------  ---------  --------  --------  ----  --------
PAGE 0:
  MMR                   00000000   000000c0  00000000  000000c0  RWIX
  DARAM0                000000c0   0000ff40  00005b1e  0000a422  RWIX
  SARAM0                00010000   00010000  00000000  00010000  RWIX
  SARAM1                00020000   00020000  00006f8a  00019076  RWIX
  SARAM2                00040000   0000fe00  0000034e  0000fab2  RWIX
  VECS                  0004fe00   00000200  00000100  00000100  RWIX
  PDROM                 00ff8000   00008000  00000000  00008000  R IX

PAGE 2:
  IOPORT                00000000   00020000  00000000  00020000  RWI 


SECTION ALLOCATION MAP
(Addresses surrounded by []'s are displayed for convenience only!)

output                                                          attributes/
section   page  orgn(bytes) orgn(words) len(bytes) len(words)   input sections
--------  ----  ----------- ----------- ---------- ----------   --------------
.pinit       0   [ 00040000 ]  00020000          *   00000000   UNINITIALIZED

.stack       0   [ 000000c0 ]  00000060          *   00001000   UNINITIALIZED
                 [ 000000c0 ]  00000060          *   00001000   --HOLE--

.data        0   [ 000000c0 ]  00000060          *   00000000   UNINITIALIZED

.sysstack 
*            0   [ 000020c0 ]  00001060          *   00000800   UNINITIALIZED
                 [ 000020c0 ]  00001060          *   00000800   --HOLE--

.sysmem      0   [ 000030c0 ]  00001860          *   00001000   UNINITIALIZED
                 [ 000030c0 ]  00001860          *   00001000   --HOLE--

.const.1     0   [ 000050c0 ]  00002860          *   0000020d   
                 [ 000050c0 ]  00002860          *   0000010c   main.obj (.const:.string)
                 [ 000052d8 ]  0000296c          *   00000101   rts55x_eh.lib : ctype.obj (.const:__ctypes_)

.const.2     0   [ 000054dc ]  00002a6e          *   000000f9   
                 [ 000054dc ]  00002a6e          *   00000048   aic3204_tone_headphone.obj (.const:.string)
                 [ 0000556c ]  00002ab6          *   00000024   rts55x_eh.lib : _printfi.obj (.const:.string)
                 [ 000055b4 ]  00002ada          *   00000014                 : strtod.obj (.const:_digits)
                 [ 000055dc ]  00002aee          *   00000014                 : strtold.obj (.const:_digits)
                 [ 00005604 ]  00002b02          *   00000014                 : sin.obj (.const)
                 [ 0000562c ]  00002b16          *   0000000c                 : strtod.obj (.const:_powerof10)
                 [ 00005644 ]  00002b22          *   0000000c                 : strtold.obj (.const:_powerof10)
                 [ 0000565c ]  00002b2e          *   0000000c                 : _printfi.obj (.const)
                 [ 00005674 ]  00002b3a          *   00000008                 : divd.obj (.const:_initial_approx$1)
                 [ 00005684 ]  00002b42          *   00000008                 : round.obj (.const)
                 [ 00005694 ]  00002b4a          *   00000008                 : strtod.obj (.const)
                 [ 000056a4 ]  00002b52          *   00000008                 : strtold.obj (.const)
                 [ 000056b4 ]  00002b5a          *   00000007                 : _scanfi.obj (.const:_flit$1)
                 [ 000056c2 ]  00002b61          *   00000006                 : _scanfi.obj (.const:_barr$2)

.const.3     0   [ 000056d0 ]  00002b68          *   00000016   
                 [ 000056d0 ]  00002b68          *   00000006   aic3204_tone_headphone.obj (.const)
                 [ 000056dc ]  00002b6e          *   00000006   rts55x_eh.lib : modf.obj (.const)
                 [ 000056e8 ]  00002b74          *   00000004                 : trunc.obj (.const)
                 [ 000056f0 ]  00002b78          *   00000002                 : fputs.obj (.const:.string)
                 [ 000056f4 ]  00002b7a          *   00000002                 : divd.obj (.const)
                 [ 000056f8 ]  00002b7c          *   00000002                 : fltlid.obj (.const)

.bss         0   [ 000056fc ]  00002b7e          *   00000273   UNINITIALIZED
                 [ 000056fc ]  00002b7e          *   00000119   rts55x_eh.lib : defs.obj (.bss)
                 [ 0000592e ]  00002c97          *   000000d0                 : trgdrv.obj (.bss)
                 [ 00005ace ]  00002d67          *   00000001                 : errno.obj (.bss)
                 [ 00005ad0 ]  00002d68          *   00000071                 : lowlev.obj (.bss)
                 [ 00005bb2 ]  00002dd9          *   00000001                 : fopen.obj (.bss)
                 [ 00005bb4 ]  00002dda          *   00000008                 : sin.obj (.bss)
                 [ 00005bc4 ]  00002de2          *   00000006                 : memory.obj (.bss)
                 [ 00005bd0 ]  00002de8          *   00000004                 : _lock.obj (.bss)
                 [ 00005bd8 ]  00002dec          *   00000004                 : exit.obj (.bss)
                 [ 00005be0 ]  00002df0          *   00000001   usbstk5515bsl.lib : usbstk5515_i2c.obj (.bss)

.text        0     00020000  [ 00010000 ] 00006f8a          *   
                   00020000  [ 00010000 ] 00001598          *   rts55x_eh.lib : _printfi.obj (.text)
                   00021598  [ 00010acc ] 00000eb6          *                 : _scanfi.obj (.text)
                   0002244e  [ 00011227 ] 00000543          *                 : lowlev.obj (.text)
                   00022991  [ 000114c8+] 00000528          *                 : trgdrv.obj (.text)
                   00022eb9  [ 0001175c+] 000004b5          *                 : memory.obj (.text)
                   0002336e  [ 000119b7 ] 0000044b          *   aic3204_tone_headphone.obj (.text)
                   000237b9  [ 00011bdc+] 0000036c          *   rts55x_eh.lib : divd.obj (.text)
                   00023b25  [ 00011d92+] 00000301          *                 : strtoll.obj (.text)
                   00023e26  [ 00011f13 ] 000002c8          *   aic3204_loop_stereo_in1.obj (.text)
                   000240ee  [ 00012077 ] 000002bd          *   rts55x_eh.lib : strtod.obj (.text)
                   000243ab  [ 000121d5+] 0000029f          *                 : strtold.obj (.text)
                   0002464a  [ 00012325 ] 0000027f          *                 : fopen.obj (.text)
                   000248c9  [ 00012464+] 0000025e          *                 : llmpy.obj (.text)
                   00024b27  [ 00012593+] 00000259          *                 : addd.obj (.text)
                   00024d80  [ 000126c0 ] 0000024b          *                 : strtoull.obj (.text)
                   00024fcb  [ 000127e5+] 00000208          *                 : strtol.obj (.text)
                   000251d3  [ 000128e9+] 000001f2          *                 : sin.obj (.text)
                   000253c5  [ 000129e2+] 000001ea          *                 : cmpd.obj (.text)
                   000255af  [ 00012ad7+] 000001d1          *                 : strtoul.obj (.text)
                   00025780  [ 00012bc0 ] 00000163          *                 : fputs.obj (.text)
                   000258e3  [ 00012c71+] 00000161          *                 : fscanf.obj (.text)
                   00025a44  [ 00012d22 ] 00000156          *   usbstk5515bsl.lib : usbstk5515_gpio.obj (.text)
                   00025b9a  [ 00012dcd ] 0000014c          *   rts55x_eh.lib : mpyd.obj (.text)
                   00025ce6  [ 00012e73 ] 0000013e          *   usbstk5515bsl.lib : usbstk5515_i2c.obj (.text)
                   00025e24  [ 00012f12 ] 000000e6          *   rts55x_eh.lib : setvbuf.obj (.text)
                   00025f0a  [ 00012f85 ] 000000dd          *                 : _io_perm.obj (.text)
                   00025fe7  [ 00012ff3+] 000000c8          *                 : frcmpyd_div.obj (.text)
                   000260af  [ 00013057+] 000000c2          *                 : fflush.obj (.text)
                   00026171  [ 000130b8+] 000000bf          *                 : modf.obj (.text)
                   00026230  [ 00013118 ] 000000ba          *                 : trgmsg.obj (.text:CIO_breakpoint)
                   000262ea  [ 00013175 ] 000000ae          *                 : _bufread.obj (.text)
                   00026398  [ 000131cc ] 000000a6          *                 : fputc.obj (.text)
                   0002643e  [ 0001321f ] 000000a3          *   main.obj (.text)
                   000264e1  [ 00013270+] 000000a1          *   rts55x_eh.lib : divul.obj (.text)
                   00026582  [ 000132c1 ] 0000009b          *                 : fgetc.obj (.text)
                   0002661d  [ 0001330e+] 0000009a          *                 : ungetc.obj (.text)
                   000266b7  [ 0001335b+] 00000091          *   aic3204_test.obj (.text)
                   00026748  [ 000133a4 ] 0000007d          *   rts55x_eh.lib : ltoa.obj (.text)
                   000267c5  [ 000133e2+] 0000007b          *                 : fclose.obj (.text)
                   00026840  [ 00013420 ] 00000076          *                 : frcmpyd.obj (.text)
                   000268b6  [ 0001345b ] 00000072          *                 : remul.obj (.text)
                   00026928  [ 00013494 ] 0000006f          *                 : fixdli.obj (.text)
                   00026997  [ 000134cb+] 0000006d          *                 : trgmsg.obj (.text)
                   00026a04  [ 00013502 ] 0000006b          *                 : fseek.obj (.text)
                   00026a6f  [ 00013537+] 00000067          *                 : fltlid.obj (.text)
                   00026ad6  [ 0001356b ] 0000005f          *                 : round.obj (.text)
                   00026b35  [ 0001359a+] 0000005c          *                 : atoi.obj (.text)
                   00026b91  [ 000135c8+] 00000054          *   usbstk5515bsl.lib : usbstk5515.obj (.text)
                   00026be5  [ 000135f2+] 00000050          *   rts55x_eh.lib : printf.obj (.text)
                   00026c35  [ 0001361a+] 0000004d          *                 : autoinit.obj (.text)
                   00026c82  [ 00013641 ] 0000004b          *                 : args_main.obj (.text)
                   00026ccd  [ 00013666+] 0000004b          *                 : remli.obj (.text)
                   00026d18  [ 0001368c ] 00000048          *                 : divli.obj (.text)
                   00026d60  [ 000136b0 ] 00000041          *                 : trunc.obj (.text)
                   00026da1  [ 000136d0+] 0000003f          *                 : memcpy.obj (.text)
                   00026de0  [ 000136f0 ] 0000003e          *                 : exit.obj (.text)
                   00026e1e  [ 0001370f ] 0000003c          *                 : idiv.obj (.text)
                   00026e5a  [ 0001372d ] 00000034          *                 : boot.obj (.text)
                   00026e8e  [ 00013747 ] 0000002a          *                 : fixdi.obj (.text)
                   00026eb8  [ 0001375c ] 0000002a          *                 : udiv.obj (.text)
                   00026ee2  [ 00013771 ] 00000023          *                 : memccpy.obj (.text)
                   00026f05  [ 00013782+] 0000001c          *                 : isinf.obj (.text)
                   00026f21  [ 00013790+] 00000014          *                 : subd.obj (.text)
                   00026f35  [ 0001379a+] 00000013          *                 : lmpy.obj (.text)
                   00026f48  [ 000137a4 ] 00000012          *                 : _lock.obj (.text)
                   00026f5a  [ 000137ad ] 00000010          *                 : negd.obj (.text)
                   00026f6a  [ 000137b5 ] 0000000c          *                 : fltid.obj (.text)
                   00026f76  [ 000137bb ] 0000000a          *                 : remove.obj (.text)
                   00026f80  [ 000137c0 ] 00000007          *                 : exit.obj (.text:CIO_breakpoint)
                   00026f87  [ 000137c3+] 00000002          *                 : vectors.obj (.text)
                   00026f89  [ 000137c4 ] 00000001          *   --HOLE-- [fill = 20]

.cio         0   [ 00040000 ]  00020000          *   00000120   UNINITIALIZED
                 [ 00040000 ]  00020000          *   00000120   rts55x_eh.lib : trgmsg.obj (.cio)

.cinit       0   [ 00040240 ]  00020120          *   00000087   
                 [ 00040240 ]  00020120          *   0000002d   rts55x_eh.lib : lowlev.obj (.cinit)
                 [ 0004029a ]  0002014d          *   0000002a                 : defs.obj (.cinit)
                 [ 000402ee ]  00020177          *   0000000b                 : sin.obj (.cinit)
                 [ 00040304 ]  00020182          *   0000000a                 : _lock.obj (.cinit)
                 [ 00040318 ]  0002018c          *   0000000a                 : exit.obj (.cinit)
                 [ 0004032c ]  00020196          *   00000004                 : errno.obj (.cinit)
                 [ 00040334 ]  0002019a          *   00000004                 : fopen.obj (.cinit)
                 [ 0004033c ]  0002019e          *   00000004                 : memory.obj (.cinit)
                 [ 00040344 ]  000201a2          *   00000004   usbstk5515bsl.lib : usbstk5515_i2c.obj (.cinit)
                 [ 0004034c ]  000201a6          *   00000001   --HOLE-- [fill = 0]

vectors      0     0004fe00  [ 00027f00 ] 00000100          *   
                   0004fe00  [ 00027f00 ] 00000100          *   rts55x_eh.lib : vectors.obj (vectors)


GLOBAL SYMBOLS: SORTED ALPHABETICALLY BY Name 

abs. value/
byte addr   word addr   name
---------   ---------   ----
00000002                $TI_capability$C5500$CallingConvention
00000002                $TI_capability$C5500$MemoryModel
00000001                $TI_capability_requires_rev3
ffffffff                .bss
ffffffff                .data
ffffffff                .text
00026f81                C$$EXIT
000262e5                C$$IO$$
00026e1e                I$$DIV
00026f35                I$$LMPY
00026e3d                I$$MOD
00026eb8                I$$UDIV
00026ecd                I$$UMOD
000266b7                _AIC3204_rget
00026702                _AIC3204_rset
00022e5b                _HOSTclock
00022df0                _HOSTclose
00022d3b                _HOSTlseek
00022c9c                _HOSTopen
00022c0f                _HOSTread
00022b61                _HOSTrename
00022b03                _HOSTtime
00022a99                _HOSTunlink
00022a0c                _HOSTwrite
0004fe00                _Reset
0002643e                _TEST_execute
00025b42                _USBSTK5515_GPIO_getInput
00025a44                _USBSTK5515_GPIO_init
00025a48                _USBSTK5515_GPIO_setDirection
00025ac5                _USBSTK5515_GPIO_setOutput
00025d05                _USBSTK5515_I2C_close
00025ce6                _USBSTK5515_I2C_init
00025dab                _USBSTK5515_I2C_read
00025d0e                _USBSTK5515_I2C_reset
00025d1c                _USBSTK5515_I2C_write
00026bd7                _USBSTK5515_init
00026b91                _USBSTK5515_wait
00026bc5                _USBSTK5515_waitusec
            00020000    __CIOBUF_
            00001060    __STACK_END
00002000                __STACK_SIZE
00002000                __SYSMEM_SIZE
00001000                __SYSSTACK_SIZE
ffffffff                ___binit__
ffffffff                ___bss__
ffffffff                ___c_args__
            00020120    ___cinit__
ffffffff                ___data__
ffffffff                ___edata__
ffffffff                ___end__
ffffffff                ___etext__
00026f05                ___isinf
ffffffff                ___pinit__
ffffffff                ___text__
00024b27                __addd
00026c82                __args_main
000262ea                __buff_read
0002476b                __cleanup
            00002dec    __cleanup_ptr
00025557                __cmpd
            0000296c    __ctypes_
000237db                __divd
00026e1e                __divi
00026d18                __divli
00024af2                __divlli
00026eb8                __divu
000264e1                __divul
000249fe                __divull
000260af                __doflush
            00002dee    __dtors_ptr
00025523                __eqld
00026e8e                __fixdi
00026928                __fixdli
00026f6a                __fltid
00026a6f                __fltlid
00026840                __frcmpyd
00025fe7                __frcmpyd_div
            00002c96    __ft_end
            00002b7e    __ftable
000254d9                __geqd
0002548e                __gtrd
00025441                __leqd
            00002de8    __lock
000253f9                __lssd
00025b9a                __mpyd
00026f35                __mpyli
00024946                __mpylli
00026f5a                __negd
000253c5                __neqd
00026f58                __nop
00026ad6                __nround
00021356                __printfi
00025f8a                __rd_ok
00026f50                __register_lock
00026f48                __register_unlock
00026e3d                __remi
00026ccd                __remli
00024917                __remlli
00026ecd                __remu
000268b6                __remul
000248c9                __remull
00021f46                __scanfi
            00000060    __stack
00026f21                __subd
            00001860    __sys_memory
            00001060    __sysstack
            00002bf6    __tmpnams
00026d60                __trunc
            00002dea    __unlock
00025f0a                __wrt_ok
00026f80                _abort
000228a1                _add_device
00023e26                _aic3204_loop_stereo_in1
00026724                _aic3204_test
0002336e                _aic3204_tone_headphone
00026b35                _atoi
00026c35                _auto_init
00026e5a                _c_int00
00023348                _calloc
00023340                _chkheap
0002282e                _close
            00002d67    _errno
00026de0                _exit
000267c5                _fclose
00026118                _fflush
00026582                _fgetc
00022825                _find_registered_device
0002488e                _fopen
00026398                _fputc
00025780                _fputs
00022eb9                _free
000232ea                _free_memory
000247c5                _freopen
0002591f                _fscanf
00026a04                _fseek
00026582                _getc
0002660e                _getchar
00022991                _getenv
            00002df0    _i2c_timeout
000227bf                _lseek
00026748                _ltoa
00026478                _main
00022fea                _malloc
00023290                _max_free
00026ee2                _memccpy
00026da1                _memcpy
00022f85                _minit
00026171                _modf
00022700                _open
00026be5                _printf
00026398                _putc
0002642f                _putchar
000258b5                _puts
00022652                _read
00026997                _readmsg
000230df                _realloc
00026f76                _remove
0002261c                _remove_device
000225c3                _rename
000258e3                _scanf
00025e24                _setvbuf
000251d3                _sin
000240ee                _strtod
00024fcb                _strtol
000243ab                _strtold
00023b25                _strtoll
000255af                _strtoul
00024d80                _strtoull
0002661d                _ungetc
00022590                _unlink
0002244e                _write
00026230                _writemsg
ffffffff                binit
            00020120    cinit
ffffffff                edata
ffffffff                end
ffffffff                etext
ffffffff                pinit


GLOBAL SYMBOLS: SORTED BY Symbol Address 

abs. value/
byte addr   word addr   name
---------   ---------   ----
00000001                $TI_capability_requires_rev3
00000002                $TI_capability$C5500$CallingConvention
00000002                $TI_capability$C5500$MemoryModel
            00000060    __stack
00001000                __SYSSTACK_SIZE
00002000                __STACK_SIZE
00002000                __SYSMEM_SIZE
            00001060    __STACK_END
            00001060    __sysstack
            00001860    __sys_memory
            0000296c    __ctypes_
            00002b7e    __ftable
            00002bf6    __tmpnams
            00002c96    __ft_end
            00002d67    _errno
            00002de8    __lock
            00002dea    __unlock
            00002dec    __cleanup_ptr
            00002dee    __dtors_ptr
            00002df0    _i2c_timeout
00021356                __printfi
00021f46                __scanfi
0002244e                _write
00022590                _unlink
000225c3                _rename
0002261c                _remove_device
00022652                _read
00022700                _open
000227bf                _lseek
00022825                _find_registered_device
0002282e                _close
000228a1                _add_device
00022991                _getenv
00022a0c                _HOSTwrite
00022a99                _HOSTunlink
00022b03                _HOSTtime
00022b61                _HOSTrename
00022c0f                _HOSTread
00022c9c                _HOSTopen
00022d3b                _HOSTlseek
00022df0                _HOSTclose
00022e5b                _HOSTclock
00022eb9                _free
00022f85                _minit
00022fea                _malloc
000230df                _realloc
00023290                _max_free
000232ea                _free_memory
00023340                _chkheap
00023348                _calloc
0002336e                _aic3204_tone_headphone
000237db                __divd
00023b25                _strtoll
00023e26                _aic3204_loop_stereo_in1
000240ee                _strtod
000243ab                _strtold
0002476b                __cleanup
000247c5                _freopen
0002488e                _fopen
000248c9                __remull
00024917                __remlli
00024946                __mpylli
000249fe                __divull
00024af2                __divlli
00024b27                __addd
00024d80                _strtoull
00024fcb                _strtol
000251d3                _sin
000253c5                __neqd
000253f9                __lssd
00025441                __leqd
0002548e                __gtrd
000254d9                __geqd
00025523                __eqld
00025557                __cmpd
000255af                _strtoul
00025780                _fputs
000258b5                _puts
000258e3                _scanf
0002591f                _fscanf
00025a44                _USBSTK5515_GPIO_init
00025a48                _USBSTK5515_GPIO_setDirection
00025ac5                _USBSTK5515_GPIO_setOutput
00025b42                _USBSTK5515_GPIO_getInput
00025b9a                __mpyd
00025ce6                _USBSTK5515_I2C_init
00025d05                _USBSTK5515_I2C_close
00025d0e                _USBSTK5515_I2C_reset
00025d1c                _USBSTK5515_I2C_write
00025dab                _USBSTK5515_I2C_read
00025e24                _setvbuf
00025f0a                __wrt_ok
00025f8a                __rd_ok
00025fe7                __frcmpyd_div
000260af                __doflush
00026118                _fflush
00026171                _modf
00026230                _writemsg
000262e5                C$$IO$$
000262ea                __buff_read
00026398                _fputc
00026398                _putc
0002642f                _putchar
0002643e                _TEST_execute
00026478                _main
000264e1                __divul
00026582                _fgetc
00026582                _getc
0002660e                _getchar
0002661d                _ungetc
000266b7                _AIC3204_rget
00026702                _AIC3204_rset
00026724                _aic3204_test
00026748                _ltoa
000267c5                _fclose
00026840                __frcmpyd
000268b6                __remul
00026928                __fixdli
00026997                _readmsg
00026a04                _fseek
00026a6f                __fltlid
00026ad6                __nround
00026b35                _atoi
00026b91                _USBSTK5515_wait
00026bc5                _USBSTK5515_waitusec
00026bd7                _USBSTK5515_init
00026be5                _printf
00026c35                _auto_init
00026c82                __args_main
00026ccd                __remli
00026d18                __divli
00026d60                __trunc
00026da1                _memcpy
00026de0                _exit
00026e1e                I$$DIV
00026e1e                __divi
00026e3d                I$$MOD
00026e3d                __remi
00026e5a                _c_int00
00026e8e                __fixdi
00026eb8                I$$UDIV
00026eb8                __divu
00026ecd                I$$UMOD
00026ecd                __remu
00026ee2                _memccpy
00026f05                ___isinf
00026f21                __subd
00026f35                I$$LMPY
00026f35                __mpyli
00026f48                __register_unlock
00026f50                __register_lock
00026f58                __nop
00026f5a                __negd
00026f6a                __fltid
00026f76                _remove
00026f80                _abort
00026f81                C$$EXIT
            00020000    __CIOBUF_
            00020120    ___cinit__
            00020120    cinit
0004fe00                _Reset
ffffffff                .bss
ffffffff                .data
ffffffff                .text
ffffffff                ___binit__
ffffffff                ___bss__
ffffffff                ___c_args__
ffffffff                ___data__
ffffffff                ___edata__
ffffffff                ___end__
ffffffff                ___etext__
ffffffff                ___pinit__
ffffffff                ___text__
ffffffff                binit
ffffffff                edata
ffffffff                end
ffffffff                etext
ffffffff                pinit

[178 symbols]
